Dump	==========================================================
Read	.target.tmpdir 0
Read	.etc.default.useradd."expire" 0
Read	.etc.default.useradd."group" 100
Read	.etc.default.useradd."groups" "audio,video"
Read	.etc.default.useradd."home" "/home"
Read	.etc.default.useradd."inactive" 0
Read	.etc.default.useradd."shell" 0
Read	.etc.default.useradd."skel" 0
Read	.target.string "/etc/shells" 0
Read	.target.size "0" -1
Read	.etc.nsswitch_conf.passwd 0
Read	.target.size "/usr/lib/yp/yphelper" -1
Read	.etc.nsswitch_conf.passwd 0
Read	.target.size "/var/lib/YaST2/users.ycp" -1
Write	.target.ycp "/var/lib/YaST2/users.ycp" $[] true
Execute	.passwd.init $["base_directory":"/etc", "max_system_gid":"499", "max_system_uid":"499"] true
Read	.passwd.local.users $[500:$["gecos":"HaHa", "gidnumber":100, "type":"local", "uid":"hh", "uidnumber":500], "by_name":$["hh":500], "homes":$["/home/hh":1], "last_uid":500, "uids":$[500:1], "usernames":$["hh":1]]
Read	.passwd.local.users.by_name $["hh":500]
Read	.passwd.local.shadow $[]
Read	.passwd.local.groups $[100:$["cn":"users", "gidNumber":100, "type":"local"], "by_name":$["users":100], "gids":$[100:1], "groupnames":$["users":1]]
Read	.passwd.local.groups.by_name $["users":100]
Read	.passwd.system.users $["by_name":$[], "homes":$[], "last_uid":0, "uids":$[], "usernames":$[]]
Read	.passwd.system.users.by_name $[]
Read	.passwd.system.shadow $[]
Read	.passwd.system.groups $[0:$["cn":"root", "gidNumber":0, "type":"system"], "by_name":$["root":0], "gids":$[0:1], "groupnames":$["root":1]]
Read	.passwd.system.groups.by_name $["root":0]
Read	.passwd.passwd.pluslines ["+"]
Read	.passwd.shadow.pluslines 0
Read	.passwd.group.pluslines 0
Read	.passwd.local.users.last_uid 500
Read	.passwd.local.users.homes $["/home/hh":1]
Read	.passwd.local.users.usernames $["hh":1]
Read	.passwd.local.users.uids $[500:1]
Read	.passwd.system.users.last_uid 0
Read	.passwd.system.users.homes $[]
Read	.passwd.system.users.usernames $[]
Read	.passwd.system.users.uids $[]
Read	.passwd.local.groups.gids $[100:1]
Read	.passwd.local.groups.groupnames $["users":1]
Read	.passwd.system.groups.gids $[0:1]
Read	.passwd.system.groups.groupnames $["root":1]
Return	
Dump	local user names:
Dump	 ["hh"]
Dump	local group names:
Dump	 ["users"]
Dump	---- current group:
Dump	 $[]
Return	
Dump	---- current group (empty add, to get default values):
Dump	 $["gidnumber":"1000", "plugins":[], "type":"local", "what":"add_group"]
Return	
Dump	---- current group (after rich add):
Dump	 $["cn":"testgrp", "gidnumber":"555", "password":"x", "plugins":[], "type":"local", "userlist":$["hh":"1"], "what":"add_group"]
Execute	.target.bash_output "echo 'testgrp' | grep '^[A-Za-z_][A-Za-z0-9_.-]*[A-Za-z0-9_.$-]\\?$'" $["LANG":"C"] $["stdout":"testgrp"]
Return	
Dump	---- check group after add:
Dump	 
Dump	---- user 'hh':
Dump	 $["gecos":"HaHa", "gidnumber":"100", "type":"local", "uid":"hh", "uidnumber":"500"]
Return	true
Dump	---- user 'hh':
Dump	 $["gecos":"HaHa", "gidnumber":"100", "grouplist":$["testgrp":"1"], "org_uid":"hh", "org_uidnumber":"500", "type":"local", "uid":"hh", "uidnumber":"500", "what":"group_change"]
Dump	==========================================================
Dump	local group names:
Dump	 ["testgrp", "users"]
Dump	================= gid conflict ===========================
Return	
Return	
Dump	---- current group after add:
Dump	 $["cn":"new", "gidnumber":"0", "plugins":[], "type":"local", "what":"add_group"]
Return	The group ID entered is already in use.
Dump	---- check group after add:
Dump	 The group ID entered is already in use.
Dump	Select another group ID.
Dump	================= name conflict ==========================
Return	
Return	
Dump	---- current group after add):
Dump	 $["cn":"testgrp", "gidnumber":"1000", "plugins":[], "type":"local", "what":"add_group"]
Execute	.target.bash_output "echo 'testgrp' | grep '^[A-Za-z_][A-Za-z0-9_.-]*[A-Za-z0-9_.$-]\\?$'" $["LANG":"C"] $["stdout":"testgrp"]
Return	There is a conflict between the entered
Dump	---- check group after add:
Dump	 There is a conflict between the entered
Dump	group name and an existing group name.
Dump	Try another one.
Dump	================= name too short =========================
Return	
Return	
Dump	---- current group after add:
Dump	 $["cn":"t", "gidnumber":"1000", "plugins":[], "type":"local", "what":"add_group"]
Return	The group name must be between 2 and 32 characters in length.
Dump	---- check group after add:
Dump	 The group name must be between 2 and 32 characters in length.
Dump	Try again.
