Dump	==========================================================
Read	.target.tmpdir 0
Read	.etc.default.useradd.expire 0
Read	.etc.default.useradd.group 100
Read	.etc.default.useradd.groups "audio,video"
Read	.etc.default.useradd.home "/home"
Read	.etc.default.useradd.inactive 0
Read	.etc.default.useradd.shell 0
Read	.etc.default.useradd.skel 0
Read	.target.string "/etc/shells" 0
Read	.target.size "0" 0
Read	.etc.nsswitch_conf.passwd 0
Read	.target.size "/usr/lib/yp/yphelper" 0
Read	.etc.nsswitch_conf.passwd 0
Read	.target.size "/var/lib/YaST2/users.ycp" 0
Read	.target.ycp "/var/lib/YaST2/users.ycp" 0
Execute	.passwd.init $["base_directory":"/etc", "max_system_gid":"499", "max_system_uid":"499"] true
Read	.passwd.local.users $[500:$["uid":"hh"], "by_name":$["hh":500], "homes":$["/home/hh":1], "last_uid":500, "uids":$[500:1], "usernames":$["hh":1]]
Read	.passwd.local.users.by_name $["hh":500]
Read	.passwd.local.shadow $[]
Read	.passwd.local.groups $[100:$["cn":"users", "gidNumber":100, "type":"local"], "by_name":$["users":100], "gids":$[100:1], "groupnames":$["users":1]]
Read	.passwd.local.groups.by_name $["users":100]
Read	.passwd.system.users $["by_name":$[], "homes":$[], "last_uid":0, "uids":$[], "usernames":$[]]
Read	.passwd.system.users.by_name $[]
Read	.passwd.system.shadow $[]
Read	.passwd.system.groups $[0:$["cn":"root", "gidNumber":0, "type":"system"], "by_name":$["root":0], "gids":$[0:1], "groupnames":$["root":1]]
Read	.passwd.system.groups.by_name $["root":0]
Read	.passwd.passwd.plusline 0
Read	.passwd.shadow.plusline 0
Read	.passwd.group.plusline 0
Read	.passwd.local.users.last_uid 500
Read	.passwd.local.users.homes $["/home/hh":1]
Read	.passwd.local.users.usernames $["hh":1]
Read	.passwd.local.users.uids $[500:1]
Read	.passwd.system.users.last_uid 0
Read	.passwd.system.users.homes $[]
Read	.passwd.system.users.usernames $[]
Read	.passwd.system.users.uids $[]
Read	.passwd.local.groups.gids $[100:1]
Read	.passwd.local.groups.groupnames $["users":1]
Read	.passwd.system.groups.gids $[0:1]
Read	.passwd.system.groups.groupnames $["root":1]
Read	.sysconfig.displaymanager.DISPLAYMANAGER 0
Return	true
Dump	---- current user:
Dump	 $[]
Return	true
Dump	---- current user (empty add):
Dump	 $["cn":"", "create_home":true, "gidNumber":"100", "grouplist":$["audio":"1", "video":"1"], "groupname":"users", "loginShell":"", "shadowExpire":"", "shadowFlag":"", "shadowInactive":"", "shadowLastChange":"0", "shadowMax":"99999", "shadowMin":"0", "shadowWarning":"7", "type":"local", "uidNumber":"501", "userPassword":"", "what":"add_user"]
Return	true
Dump	---- current user (after rich add):
Dump	 $["cn":"users", "create_home":true, "encrypted":true, "gidNumber":"100", "grouplist":$["audio":"1"], "groupname":"users", "homeDirectory":"/local/home/aaa", "loginShell":"", "shadowExpire":"", "shadowFlag":"", "shadowInactive":"", "shadowLastChange":"0", "shadowMax":"99999", "shadowMin":"0", "shadowWarning":"7", "type":"local", "uid":"aaa", "uidNumber":"501", "userPassword":"crypted_qqqqq", "what":"add_user"]
Return	true
Dump	==========================================================
Return	true
Return	true
Dump	---- current user (minimal add, used default values):
Dump	 $["cn":"", "create_home":true, "gidNumber":"100", "grouplist":$["audio":"1", "video":"1"], "groupname":"users", "homeDirectory":"/home/hhh", "loginShell":"", "shadowExpire":"", "shadowFlag":"", "shadowInactive":"", "shadowLastChange":"0", "shadowMax":"99999", "shadowMin":"0", "shadowWarning":"7", "type":"local", "uid":"hhh", "uidNumber":"502", "userPassword":"", "what":"add_user"]
Dump	==========================================================
