Dump	==========================================================
Read	.target.tmpdir 0
Read	.etc.default.useradd."expire" 0
Read	.etc.default.useradd."group" 100
Read	.etc.default.useradd."groups" "audio,video"
Read	.etc.default.useradd."home" "/home"
Read	.etc.default.useradd."inactive" 0
Read	.etc.default.useradd."shell" 0
Read	.etc.default.useradd."skel" 0
Read	.target.string "/etc/shells" 0
Read	.etc.nsswitch_conf.passwd 0
Read	.etc.nsswitch_conf.passwd 0
Write	.target.ycp "/var/lib/YaST2/users.ycp" $[] true
Execute	.passwd.init $["base_directory":"/etc", "max_system_gid":"499", "max_system_uid":"499"] true
Read	.passwd.local.users $[500:$["gecos":"HaHa", "gidnumber":100, "uid":"hh", "uidnumber":500], 600:$["gecos":"Ia", "gidnumber":100, "uid":"ii", "uidnumber":600], "by_name":$["hh":500, "ii":600], "homes":$["/home/hh":1], "last_uid":600, "uids":$[500:1, 600:1], "usernames":$["hh":1, "ii":1]]
Read	.passwd.local.users.by_name $["hh":500, "ii":600]
Read	.passwd.local.shadow $[]
Read	.passwd.local.groups $[100:$["cn":"users", "gidNumber":100, "type":"local", "userlist":$["ii":1]], "by_name":$["users":100], "gids":$[100:1], "groupnames":$["users":1]]
Read	.passwd.local.groups.by_name $["users":100]
Read	.passwd.system.users $["by_name":$[], "homes":$[], "last_uid":0, "uids":$[], "usernames":$[]]
Read	.passwd.system.users.by_name $[]
Read	.passwd.system.shadow $[]
Read	.passwd.system.groups $[0:$["cn":"root", "gidNumber":0, "type":"system"], "by_name":$["root":0], "gids":$[0:1], "groupnames":$["root":1]]
Read	.passwd.system.groups.by_name $["root":0]
Read	.passwd.passwd.pluslines 0
Read	.passwd.shadow.pluslines 0
Read	.passwd.group.pluslines 0
Read	.passwd.local.users.last_uid 600
Read	.passwd.local.users.homes $["/home/hh":1]
Read	.passwd.local.users.usernames $["hh":1, "ii":1]
Read	.passwd.local.users.uids $[500:1, 600:1]
Read	.passwd.system.users.last_uid 0
Read	.passwd.system.users.homes $[]
Read	.passwd.system.users.usernames $[]
Read	.passwd.system.users.uids $[]
Read	.passwd.local.groups.gids $[100:1]
Read	.passwd.local.groups.groupnames $["users":1]
Read	.passwd.system.groups.gids $[0:1]
Read	.passwd.system.groups.groupnames $["root":1]
Return	
Dump	---- current group:
Dump	 $["cn":"users", "gidNumber":"100", "type":"local", "userlist":$["ii":"1"]]
Dump	---- create additional users list:
Dump	
Return	[`item (`id ("hh"), "hh", false), `item (`id ("ii"), "ii", true)]
