Read	.target.size "/etc/install.inf" -1
Read	.target.tmpdir "/tmp/"
Read	.target.tmpdir "/tmp/"
Execute	.target.bash "/usr/lib/YaST2/bin/version" 0
Read	.sysconfig.language.RC_LANG ""
Read	.sysconfig.language.DEFAULT_LANGUAGE ""
Read	.target.yast2 "lang2iso.ycp" nil
Read	.target.size "/etc/sysconfig/language" -1
Read	.sysconfig.console.CONSOLE_FONT ""
Read	.sysconfig.console.CONSOLE_SCREENMAP ""
Read	.sysconfig.console.CONSOLE_UNICODEMAP ""
Read	.sysconfig.console.CONSOLE_MAGIC ""
Read	.sysconfig.console.CONSOLE_ENCODING ""
Read	.sysconfig.language.RC_LANG ""
Execute	.target.bash_output "locale -k charmap" $[]
Dump	actual user itemlist:
Dump	 [`item (`id (500), "aaa", "", "500", "users,audio")]
Dump	==========================================================
Dump	===== adding nis users, not known -> read via script =====
Dump	==========================================================
Dump	actual user customs: ["local"]
Dump	new user customs: ["local", "nis"]
Dump	= testing ================================================
Execute	.target.bash_output "/usr/lib/YaST2/bin/build_nis_structures.pl /tmp " $[]
Read	.target.ycp "/tmp/nis.ycp" [`item (`id (5000), "jsuchome", "", "5000", "users,audio,video"), `item (`id (5001), "nis_user", "", "5001", "users,audio")]
Read	.target.ycp "/tmp/nis_byname.ycp" [`item (`id (5000), "jsuchome", "", "5000", "users,audio,video"), `item (`id (5001), "nis_user", "", "5001", "users,audio")]
Read	.target.ycp "/tmp/group_nis.ycp" [`item (`id (5000), "jsuchome", "", "5000", "users,audio,video"), `item (`id (5001), "nis_user", "", "5001", "users,audio")]
Read	.target.ycp "/tmp/group_nis_byname.ycp" [`item (`id (5000), "jsuchome", "", "5000", "users,audio,video"), `item (`id (5001), "nis_user", "", "5001", "users,audio")]
Read	.target.ycp "/tmp/homelist_nis.ycp" [`item (`id (5000), "jsuchome", "", "5000", "users,audio,video"), `item (`id (5001), "nis_user", "", "5001", "users,audio")]
Read	.target.ycp "/tmp/usernamelist_nis.ycp" [`item (`id (5000), "jsuchome", "", "5000", "users,audio,video"), `item (`id (5001), "nis_user", "", "5001", "users,audio")]
Read	.target.ycp "/tmp/itemlist_nis.ycp" [`item (`id (5000), "jsuchome", "", "5000", "users,audio,video"), `item (`id (5001), "nis_user", "", "5001", "users,audio")]
Read	.target.ycp "/tmp/uidlist_nis.ycp" [`item (`id (5000), "jsuchome", "", "5000", "users,audio,video"), `item (`id (5001), "nis_user", "", "5001", "users,audio")]
Read	.target.ycp "/tmp/gidlist_nis.ycp" [`item (`id (5000), "jsuchome", "", "5000", "users,audio,video"), `item (`id (5001), "nis_user", "", "5001", "users,audio")]
Read	.target.ycp "/tmp/groupnamelist_nis.ycp" [`item (`id (5000), "jsuchome", "", "5000", "users,audio,video"), `item (`id (5001), "nis_user", "", "5001", "users,audio")]
Read	.target.ycp "/tmp/group_nis_itemlist.ycp" [`item (`id (5000), "jsuchome", "", "5000", "users,audio,video"), `item (`id (5001), "nis_user", "", "5001", "users,audio")]
Return	true
Dump	new user itemlist:
Dump	 [`item (`id (500), "aaa", "", "500", "users,audio"), `item (`id (5000), "jsuchome", "", "5000", "users,audio,video"), `item (`id (5001), "nis_user", "", "5001", "users,audio")]
Dump	==========================================================
Dump	===== adding system users, already known =================
Dump	==========================================================
Dump	actual user customs: ["local", "nis"]
Dump	new user customs: ["local", "system"]
Dump	= testing ================================================
Return	true
Dump	new user itemlist:
Dump	 [`item (`id (500), "aaa", "", "500", "users,audio"), `item (`id (0), "root", "", "0", "")]
Dump	==========================================================
Dump	===== adding nis users, already known ====================
Dump	==========================================================
Dump	actual user customs: ["local", "system"]
Dump	new user customs: ["local", "nis"]
Return	true
Dump	new user itemlist:
Dump	 [`item (`id (500), "aaa", "", "500", "users,audio"), `item (`id (5000), "jsuchome", "", "5000", "users,audio,video"), `item (`id (5001), "nis_user", "", "5001", "users,audio")]
