Read	.target.size "/etc/install.inf" -1
Read	.target.tmpdir "/tmp/"
Read	.target.tmpdir "/tmp/"
Execute	.target.bash "/usr/lib/YaST2/bin/version" 0
Read	.sysconfig.language.RC_LANG ""
Read	.sysconfig.language.DEFAULT_LANGUAGE ""
Read	.target.yast2 "lang2iso.ycp" nil
Read	.target.size "/etc/sysconfig/language" -1
Read	.sysconfig.console.CONSOLE_FONT ""
Read	.sysconfig.console.CONSOLE_SCREENMAP ""
Read	.sysconfig.console.CONSOLE_UNICODEMAP ""
Read	.sysconfig.console.CONSOLE_MAGIC ""
Read	.sysconfig.console.CONSOLE_ENCODING ""
Read	.sysconfig.language.RC_LANG ""
Execute	.target.bash_output "locale -k charmap" $[]
Dump	==========================================================
Dump	username: user1, password: password
Return	You have used only lowercase letters for the password.
Dump	==========================================================
Dump	username: user1, password: uuser11!
Return	You have used the user name as a part of the password.
Dump	==========================================================
Dump	username: user1, password: 23534677
Return	You have used only digits for the password.
Dump	==========================================================
Dump	username: user1, password: us235467
Return	OK
