Execute	.crack "qqqqq" 0
Return	$["question":"You have used only lowercase letters for the password.\nThis is not a good security practice. Really use this password?", "question_id":"obscure"]
Execute	.crack "12hh5" 0
Return	$["question":"You have used the username as a part of the password.\nThis is not a good security practice. Really use this password?", "question_id":"obscure"]
Execute	.crack "12345" 0
Return	$["question":"You have used only digits for the password.\nThis is not a good security practice. Really use this password?", "question_id":"obscure"]
Execute	.crack "1a" 0
Return	$["question":"The password should have at least 5 characters.\nReally use this shorter password?", "question_id":"short"]
Execute	.crack "1aaaaaaaaaaaaaaaaa" 0
Return	$["question":"The password is too long for the current encryption method.\nTruncate it to 8 characters?", "question_id":"truncate"]
Dump	-------- password: `!@#$%^&*()-=_+|
Return	
Dump	-------- password: [];',./{}:"<>
Return	
Dump	-------- password: \
Return	The password may only contain the following characters:
Dump	-------- error: The password may only contain the following characters:
Dump	0-9, a-z, A-Z, and any of "#* ,.;:._-+!$%^&/|?=`'{[(<>)]}".
Dump	Try again.
