Read	.target.stat "/etc/security/pam_mount.conf.xml" $["size":1]
Read	.anyxml "/etc/security/pam_mount.conf.xml" $["pam_mount":[$["volume":[$["fskeypath":"/home/hh.key", "path":"/home/hh.img", "user":"hh"]]]]]
Return	true
Return	/home/hh.key
Return	/home/hh.img
Return	
Return	hh
Return	hh
Return	
Read	.target.stat "/home/hh.img" $[]
Return	0
Read	.target.stat "/home/hh.img" $["size":1024]
Return	1
Read	.target.stat "/home/hh.img" $["size":1048576]
Return	1
Read	.target.stat "/home/hh.img" $["size":44040192]
Return	42
