Read	.target.size "/etc/install.inf" -1
Read	.target.tmpdir "/tmp/"
Read	.target.tmpdir "/tmp/"
Execute	.target.bash "/usr/lib/YaST2/bin/version" 0
Read	.sysconfig.language.RC_LANG ""
Read	.sysconfig.language.DEFAULT_LANGUAGE ""
Read	.target.yast2 "lang2iso.ycp" nil
Read	.target.size "/etc/sysconfig/language" -1
Read	.sysconfig.console.CONSOLE_FONT ""
Read	.sysconfig.console.CONSOLE_SCREENMAP ""
Read	.sysconfig.console.CONSOLE_UNICODEMAP ""
Read	.sysconfig.console.CONSOLE_MAGIC ""
Read	.sysconfig.console.CONSOLE_ENCODING ""
Read	.sysconfig.language.RC_LANG ""
Dump	local user itemlist:
Dump	 [`item (`id (500), "aaa", "", "500", "users,audio")]
Dump	local groups:
Dump	 $[17:$["groupname":"audio", "more_users":"", "type":"local", "userlist":"aaa,hh"], 100:$["groupname":"users", "more_users":"hh,aaa", "type":"local", "userlist":""]]
Dump	
Dump	local users:
Dump	 $[500:$["forename":"", "fullname":"", "gid":100, "grouplist":"audio", "groupname":"users", "home":"/home/aaa", "org_home":"/home/aaa", "password":"$1$T8$yEI1SH.1b0jqeqDq6bHha1", "shadow":$["inact":-1, "max":99999, "min":0, "warn":7], "shell":"/bin/bash", "surname":"", "type":"local", "uid":500, "username":"aaa"]]
Dump	==================== running delete ======================
Return	true
Dump	local users modified:
Dump	 $[]
Dump	local groups modified:
Dump	 $[17:$["gid":17, "groupname":"audio", "modified":"edited", "more_users":"", "org_groupname":"audio", "type":"local", "userlist":"hh", "what":"user_change"], 100:$["gid":100, "groupname":"users", "more_users":"hh", "org_groupname":"users", "type":"local", "userlist":"", "what":"user_change_default"]]
Dump	
Dump	local user itemlist modified:
Dump	 []
