Read	.target.size "/etc/install.inf" -1
Read	.target.tmpdir "/tmp/"
Read	.target.tmpdir "/tmp/"
Execute	.target.bash "/usr/lib/YaST2/bin/version" 0
Read	.sysconfig.language.RC_LANG ""
Read	.sysconfig.language.DEFAULT_LANGUAGE ""
Read	.target.yast2 "lang2iso.ycp" nil
Read	.target.size "/etc/sysconfig/language" -1
Read	.sysconfig.console.CONSOLE_FONT ""
Read	.sysconfig.console.CONSOLE_SCREENMAP ""
Read	.sysconfig.console.CONSOLE_UNICODEMAP ""
Read	.sysconfig.console.CONSOLE_MAGIC ""
Read	.sysconfig.console.CONSOLE_ENCODING ""
Read	.sysconfig.language.RC_LANG ""
Execute	.target.bash_output "locale -k charmap" $[]
Dump	local groups::
Dump	 $[17:$["groupname":"audio", "more_users":"", "type":"local", "userlist":"hh,ab"], 100:$["groupname":"users", "more_users":"hh", "type":"local", "userlist":""]]
Dump	ldap groups::
Dump	 $[100:$["groupname":"users", "more_users":"u1,u2", "type":"ldap", "uniqueMember":["uid=hh"]]]
Dump	==========================================================
Dump	user hh is in groups:
Return	users,audio
Dump	==========================================================
Dump	user ab is in groups:
Return	audio
Dump	==========================================================
Dump	user abc is in groups:
Return	
