Read	.target.size "/etc/install.inf" -1
Read	.target.tmpdir "/tmp/"
Read	.target.tmpdir "/tmp/"
Execute	.target.bash "/usr/lib/YaST2/bin/version" 0
Read	.sysconfig.language.RC_LANG ""
Read	.sysconfig.language.DEFAULT_LANGUAGE ""
Read	.target.yast2 "lang2iso.ycp" nil
Read	.target.size "/etc/sysconfig/language" -1
Read	.sysconfig.console.CONSOLE_FONT ""
Read	.sysconfig.console.CONSOLE_SCREENMAP ""
Read	.sysconfig.console.CONSOLE_UNICODEMAP ""
Read	.sysconfig.console.CONSOLE_MAGIC ""
Read	.sysconfig.console.CONSOLE_ENCODING ""
Read	.sysconfig.language.RC_LANG ""
Execute	.target.bash_output "locale -k charmap" $[]
Dump	first group with this name:
Return	$["groupname":"users", "more_users":"u1,u2", "type":"ldap", "userlist":""]
Dump	non-existent group:
Log	Group video doesn't exist!
Return	$[]
Dump	type specified:
Return	$["groupname":"users", "more_users":"hh", "type":"local", "userlist":""]
