Read	.etc.default.useradd."expire" 0
Read	.etc.default.useradd."group" 100
Read	.etc.default.useradd."groups" "audio,video"
Read	.etc.default.useradd."home" "/home"
Read	.etc.default.useradd."inactive" 0
Read	.etc.default.useradd."shell" 0
Read	.etc.default.useradd."skel" 0
Execute	.passwd.init $["base_directory":"/etc", "max_system_gid":"499", "max_system_uid":"499"] true
Read	.passwd.local.users $["by_uidnumber":$[], "hh":$[], "homes":$[], "uids":$[], "usernames":$[]]
Read	.passwd.local.users.by_uidnumber $[]
Read	.passwd.local.shadow $[]
Read	.passwd.local.groups $["by_gidnumber":$[100:$["users":1]], "gids":$[100:1], "groupnames":$["users":1], "users":$["cn":"users"]]
Read	.passwd.local.groups.by_gidnumber $[100:$["users":1]]
Read	.passwd.system.users $["by_uidnumber":$[], "homes":$[], "uids":$[], "usernames":$[]]
Read	.passwd.system.users.by_uidnumber $[]
Read	.passwd.system.shadow $[]
Read	.passwd.system.groups $["by_gidnumber":$[], "gids":$[], "groupnames":$[]]
Read	.passwd.system.groups.by_gidnumber $[]
Read	.passwd.passwd.pluslines 0
Read	.passwd.shadow.pluslines 0
Read	.passwd.group.pluslines 0
Read	.passwd.system.users.last_uid 0
Read	.passwd.system.users.homes $[]
Read	.passwd.system.users.usernames $[]
Read	.passwd.system.users.uids $[]
Read	.passwd.local.users.last_uid 0
Read	.passwd.local.users.homes $[]
Read	.passwd.local.users.usernames $[]
Read	.passwd.local.users.uids $[]
Execute	.target.bash_output "echo 'ggg' | grep '^[[:alpha:]_][[:alnum:]_.-]*[[:alnum:]_.$-]\\?$'" $["LANG":"C"] $["stdout":"ggg"]
Read	.target.string "/etc/shells" ""
Read	.passwd.system.users.last_uid 0
Read	.passwd.system.users.homes $[]
Read	.passwd.system.users.usernames $[]
Read	.passwd.system.users.uids $[]
Read	.passwd.system.groups.gids $[]
Read	.passwd.system.groups.groupnames $[]
Read	.passwd.local.users.last_uid 0
Read	.passwd.local.users.homes $[]
Read	.passwd.local.users.usernames $[]
Read	.passwd.local.users.uids $[]
Read	.passwd.local.groups.gids $[100:1]
Read	.passwd.local.groups.groupnames $["users":1]
Return	true
