Return	1000
Return	nil
Return	2000
Return	1000
Return	nil
Return	nil
Return	nil
Return	5000
Return	6000
