Dump	==========================================================
Read	.target.tmpdir 0
Read	.etc.default.useradd."expire" 0
Read	.etc.default.useradd."group" 0
Read	.etc.default.useradd."groups" 0
Read	.etc.default.useradd."home" 0
Read	.etc.default.useradd."inactive" 0
Read	.etc.default.useradd."shell" 0
Read	.etc.default.useradd."skel" 0
Read	.target.string "/etc/shells" 0
Read	.target.size "0" 0
Read	.etc.nsswitch_conf.passwd 0
Read	.target.size "/usr/lib/yp/yphelper" 0
Execute	.target.bash "/usr/lib/yp/yphelper --domainname `domainname` --is-master passwd.byname > /dev/null 2>&1" -1
Read	.etc.nsswitch_conf.passwd 0
Read	.target.size "/var/lib/YaST2/users.ycp" 0
Read	.target.ycp "/var/lib/YaST2/users.ycp" 0
Execute	.passwd.init $["base_directory":"/etc", "max_system_gid":"499", "max_system_uid":"499"] true
Read	.passwd.local.users $[500:$["uid":"hh", "uidnumber":500], "by_name":$["hh":500], "homes":$["/home/hh":1], "last_uid":500, "uids":$[500:1], "usernames":$["hh":1]]
Read	.passwd.local.users.by_name $["hh":500]
Read	.passwd.local.shadow $[]
Read	.passwd.local.groups $[100:$["cn":"users"], "by_name":$["users":100], "gids":$[100:1], "groupnames":$["users":1]]
Read	.passwd.local.groups.by_name $["users":100]
Read	.passwd.system.users $["by_name":$[], "homes":$[], "last_uid":0, "uids":$[], "usernames":$[]]
Read	.passwd.system.users.by_name $[]
Read	.passwd.system.shadow $[]
Read	.passwd.system.groups $["by_name":$[], "gids":$[], "groupnames":$[]]
Read	.passwd.system.groups.by_name $[]
Read	.passwd.passwd.pluslines 0
Read	.passwd.shadow.pluslines 0
Read	.passwd.group.pluslines 0
Read	.passwd.local.users.last_uid 500
Read	.passwd.local.users.homes $["/home/hh":1]
Read	.passwd.local.users.usernames $["hh":1]
Read	.passwd.local.users.uids $[500:1]
Read	.passwd.system.users.last_uid 0
Read	.passwd.system.users.homes $[]
Read	.passwd.system.users.usernames $[]
Read	.passwd.system.users.uids $[]
Read	.passwd.local.groups.gids $[100:1]
Read	.passwd.local.groups.groupnames $["users":1]
Read	.passwd.system.groups.gids $[]
Read	.passwd.system.groups.groupnames $[]
Return	
Dump	==========================================================
