Dump	==========================================================
Read	.target.tmpdir 0
Read	.etc.default.useradd."expire" 0
Read	.etc.default.useradd."group" 100
Read	.etc.default.useradd."groups" "audio,video"
Read	.etc.default.useradd."home" "/home"
Read	.etc.default.useradd."inactive" 0
Read	.etc.default.useradd."shell" 0
Read	.etc.default.useradd."skel" 0
Read	.target.string "/etc/shells" 0
Read	.etc.nsswitch_conf.passwd 0
Read	.etc.nsswitch_conf.passwd 0
Write	.target.ycp "/var/lib/YaST2/users.ycp" $[] true
Execute	.passwd.init $["base_directory":"/etc", "max_system_gid":"499", "max_system_uid":"499"] true
Read	.passwd.local.users $[500:$["homedirectory":"/home/hh", "loginshell":"/bin/bash", "sn":"HH", "type":"local", "uid":"hh", "uidnumber":500], "by_name":$["hh":500], "homes":$["/home/hh":1], "last_uid":500, "uids":$[500:1], "usernames":$["hh":1]]
Read	.passwd.local.users.by_name $["hh":500]
Read	.passwd.local.shadow $[]
Read	.passwd.local.groups $[100:$["cn":"users", "gidnumber":100, "type":"local"], "by_name":$["users":100], "gids":$[100:1], "groupnames":$["users":1]]
Read	.passwd.local.groups.by_name $["users":100]
Read	.passwd.system.users $[0:$["uid":"root", "uidnumber":0], 51:$["type":"system", "uid":"suser", "uidnumber":51], "by_name":$["root":0, "suser":51], "homes":$[], "last_uid":0, "uids":$[0:1, 51:1], "usernames":$["root":1, "suser":1]]
Read	.passwd.system.users.by_name $["root":0, "suser":51]
Read	.passwd.system.shadow $[]
Read	.passwd.system.groups $[0:$["cn":"root", "gidnumber":0, "type":"system"], "by_name":$["root":0], "gids":$[0:1], "groupnames":$["root":1]]
Read	.passwd.system.groups.by_name $["root":0]
Read	.passwd.passwd.pluslines 0
Read	.passwd.shadow.pluslines 0
Read	.passwd.group.pluslines 0
Read	.passwd.local.users.last_uid 500
Read	.passwd.local.users.homes $["/home/hh":1]
Read	.passwd.local.users.usernames $["hh":1]
Read	.passwd.local.users.uids $[500:1]
Read	.passwd.system.users.last_uid 0
Read	.passwd.system.users.homes $[]
Read	.passwd.system.users.usernames $["root":1, "suser":1]
Read	.passwd.system.users.uids $[0:1, 51:1]
Read	.passwd.local.groups.gids $[100:1]
Read	.passwd.local.groups.groupnames $["users":1]
Read	.passwd.system.groups.gids $[0:1]
Read	.passwd.system.groups.groupnames $["root":1]
Return	
Return	nil
Dump	selected user with id 500:
Dump	 $["homedirectory":"/home/hh", "loginshell":"/bin/bash", "sn":"HH", "type":"local", "uid":"hh", "uidnumber":"500"]
Dump	==========================================================
Return	nil
Dump	selected user with id 51:
Dump	 $["type":"system", "uid":"suser", "uidnumber":"51"]
Dump	==========================================================
Return	nil
Dump	selected user with id 5001:
Dump	 $[]
