Dump	==========================================================
Dump	============ delete non-existent user: ==================
Read	.target.tmpdir "/tmp/YaST"
Read	.etc.default.useradd."expire" 0
Read	.etc.default.useradd."group" 100
Read	.etc.default.useradd."groups" "audio,video"
Read	.etc.default.useradd."home" "/tmp/local/home"
Read	.etc.default.useradd."inactive" 0
Read	.etc.default.useradd."shell" 0
Read	.etc.default.useradd."skel" 0
Read	.target.string "/etc/shells" 0
Read	.etc.nsswitch_conf.passwd 0
Read	.etc.nsswitch_conf.passwd 0
Write	.target.ycp "/var/lib/YaST2/users.ycp" $[] true
Execute	.passwd.init $["base_directory":"/etc", "max_system_gid":"499", "max_system_uid":"499"] true
Read	.passwd.local.users $["by_uidnumber":$[500:$["hh":1]], "hh":$["gidnumber":100, "type":"local", "uid":"hh", "uidnumber":500], "homes":$["/home/hh":1], "last_uid":500, "uids":$[500:1], "usernames":$["hh":1]]
Read	.passwd.local.users.by_uidnumber $[500:$["hh":1]]
Read	.passwd.local.shadow $["hh":$[]]
Read	.passwd.local.groups $["by_gidnumber":$[100:$["users":1], 1000:$["gg":1], 1001:$["gr":1]], "gg":$["cn":"gg", "gidnumber":1000, "type":"local", "userlist":$["hh":1]], "gids":$[100:1, 1000:1, 1001:1], "gr":$["cn":"gr", "gidnumber":1001, "type":"local"], "groupnames":$["gg":1, "gr":1, "users":1], "users":$["cn":"users", "gidnumber":100, "more_users":$["hh":1], "type":"local"]]
Read	.passwd.local.groups.by_gidnumber $[100:$["users":1], 1000:$["gg":1], 1001:$["gr":1]]
Read	.passwd.system.users $["by_uidnumber":$[0:$["root":1]], "homes":$[], "last_uid":0, "root":$["uid":"root", "uidnumber":0], "uids":$[0:1], "usernames":$["root":1]]
Read	.passwd.system.users.by_uidnumber $[0:$["root":1]]
Read	.passwd.system.shadow $["root":$[]]
Read	.passwd.system.groups $["by_gidnumber":$[0:$["root":1]], "gids":$[0:1], "groupnames":$["root":1], "root":$["cn":"root", "gidnumber":0, "type":"system"]]
Read	.passwd.system.groups.by_gidnumber $[0:$["root":1]]
Read	.passwd.passwd.pluslines 0
Read	.passwd.shadow.pluslines 0
Read	.passwd.group.pluslines 0
Read	.passwd.local.users.last_uid 500
Read	.passwd.local.users.homes $["/home/hh":1]
Read	.passwd.local.users.usernames $["hh":1]
Read	.passwd.local.users.uids $[500:1]
Read	.passwd.system.users.last_uid 0
Read	.passwd.system.users.homes $[]
Read	.passwd.system.users.usernames $["root":1]
Read	.passwd.system.users.uids $[0:1]
Read	.passwd.local.groups.gids $[100:1, 1000:1, 1001:1]
Read	.passwd.local.groups.groupnames $["gg":1, "gr":1, "users":1]
Read	.passwd.system.groups.gids $[0:1]
Read	.passwd.system.groups.groupnames $["root":1]
Return	There is no such user.
Dump	============ delete user by name: =======================
Read	.target.tmpdir "/tmp/YaST"
Read	.etc.default.useradd."expire" 0
Read	.etc.default.useradd."group" 100
Read	.etc.default.useradd."groups" "audio,video"
Read	.etc.default.useradd."home" "/tmp/local/home"
Read	.etc.default.useradd."inactive" 0
Read	.etc.default.useradd."shell" 0
Read	.etc.default.useradd."skel" 0
Read	.target.string "/etc/shells" 0
Read	.etc.nsswitch_conf.passwd 0
Read	.etc.nsswitch_conf.passwd 0
Write	.target.ycp "/var/lib/YaST2/users.ycp" $[] true
Execute	.passwd.init $["base_directory":"/etc", "max_system_gid":"499", "max_system_uid":"499"] true
Read	.passwd.local.users $["by_uidnumber":$[500:$["hh":1]], "hh":$["gidnumber":100, "type":"local", "uid":"hh", "uidnumber":500], "homes":$["/home/hh":1], "last_uid":500, "uids":$[500:1], "usernames":$["hh":1]]
Read	.passwd.local.users.by_uidnumber $[500:$["hh":1]]
Read	.passwd.local.shadow $["hh":$[]]
Read	.passwd.local.groups $["by_gidnumber":$[100:$["users":1], 1000:$["gg":1], 1001:$["gr":1]], "gg":$["cn":"gg", "gidnumber":1000, "type":"local", "userlist":$["hh":1]], "gids":$[100:1, 1000:1, 1001:1], "gr":$["cn":"gr", "gidnumber":1001, "type":"local"], "groupnames":$["gg":1, "gr":1, "users":1], "users":$["cn":"users", "gidnumber":100, "more_users":$["hh":1], "type":"local"]]
Read	.passwd.local.groups.by_gidnumber $[100:$["users":1], 1000:$["gg":1], 1001:$["gr":1]]
Read	.passwd.system.users $["by_uidnumber":$[0:$["root":1]], "homes":$[], "last_uid":0, "root":$["uid":"root", "uidnumber":0], "uids":$[0:1], "usernames":$["root":1]]
Read	.passwd.system.users.by_uidnumber $[0:$["root":1]]
Read	.passwd.system.shadow $["root":$[]]
Read	.passwd.system.groups $["by_gidnumber":$[0:$["root":1]], "gids":$[0:1], "groupnames":$["root":1], "root":$["cn":"root", "gidnumber":0, "type":"system"]]
Read	.passwd.system.groups.by_gidnumber $[0:$["root":1]]
Read	.passwd.passwd.pluslines 0
Read	.passwd.shadow.pluslines 0
Read	.passwd.group.pluslines 0
Read	.passwd.local.users.last_uid 500
Read	.passwd.local.users.homes $["/home/hh":1]
Read	.passwd.local.users.usernames $["hh":1]
Read	.passwd.local.users.uids $[500:1]
Read	.passwd.system.users.last_uid 0
Read	.passwd.system.users.homes $[]
Read	.passwd.system.users.usernames $["root":1]
Read	.passwd.system.users.uids $[0:1]
Read	.passwd.local.groups.gids $[100:1, 1000:1, 1001:1]
Read	.passwd.local.groups.groupnames $["gg":1, "gr":1, "users":1]
Read	.passwd.system.groups.gids $[0:1]
Read	.passwd.system.groups.groupnames $["root":1]
Execute	.target.bash "/bin/cp /etc/passwd /etc/passwd.YaST2save" 0
Write	.passwd.users $["local":$["by_uidnumber":$["500":$["hh":"1"]], "homes":$["/home/hh":"1"], "last_uid":"500", "uids":$["500":"1"], "usernames":$["hh":"1"]], "system":$["by_uidnumber":$["0":$["root":"1"]], "homes":$[], "last_uid":"0", "root":$["uid":"root", "uidnumber":"0"], "uids":$["0":"1"], "usernames":$["root":"1"]]] true
Execute	.target.bash "/bin/cp /etc/shadow /etc/shadow.YaST2save" 0
Write	.passwd.shadow $["local":$[], "system":$["root":$[]]] true
Execute	.target.bash "/usr/sbin/nscd -i passwd" 0
Write	.target.ycp "/var/lib/YaST2/users.ycp" $["custom_groups":["local"], "custom_users":["local"], "dont_warn_when_nisserver_notdes":false, "dont_warn_when_uppercase":false] true
Return	
Dump	============ delete user by uid number: ================
Read	.target.tmpdir "/tmp/YaST"
Read	.etc.default.useradd."expire" 0
Read	.etc.default.useradd."group" 100
Read	.etc.default.useradd."groups" "audio,video"
Read	.etc.default.useradd."home" "/tmp/local/home"
Read	.etc.default.useradd."inactive" 0
Read	.etc.default.useradd."shell" 0
Read	.etc.default.useradd."skel" 0
Read	.target.string "/etc/shells" 0
Read	.etc.nsswitch_conf.passwd 0
Read	.etc.nsswitch_conf.passwd 0
Write	.target.ycp "/var/lib/YaST2/users.ycp" $[] true
Execute	.passwd.init $["base_directory":"/etc", "max_system_gid":"499", "max_system_uid":"499"] true
Read	.passwd.local.users $["by_uidnumber":$[500:$["hh":1]], "hh":$["gidnumber":100, "type":"local", "uid":"hh", "uidnumber":500], "homes":$["/home/hh":1], "last_uid":500, "uids":$[500:1], "usernames":$["hh":1]]
Read	.passwd.local.users.by_uidnumber $[500:$["hh":1]]
Read	.passwd.local.shadow $["hh":$[]]
Read	.passwd.local.groups $["by_gidnumber":$[100:$["users":1], 1000:$["gg":1], 1001:$["gr":1]], "gg":$["cn":"gg", "gidnumber":1000, "type":"local", "userlist":$["hh":1]], "gids":$[100:1, 1000:1, 1001:1], "gr":$["cn":"gr", "gidnumber":1001, "type":"local"], "groupnames":$["gg":1, "gr":1, "users":1], "users":$["cn":"users", "gidnumber":100, "more_users":$["hh":1], "type":"local"]]
Read	.passwd.local.groups.by_gidnumber $[100:$["users":1], 1000:$["gg":1], 1001:$["gr":1]]
Read	.passwd.system.users $["by_uidnumber":$[0:$["root":1]], "homes":$[], "last_uid":0, "root":$["uid":"root", "uidnumber":0], "uids":$[0:1], "usernames":$["root":1]]
Read	.passwd.system.users.by_uidnumber $[0:$["root":1]]
Read	.passwd.system.shadow $["root":$[]]
Read	.passwd.system.groups $["by_gidnumber":$[0:$["root":1]], "gids":$[0:1], "groupnames":$["root":1], "root":$["cn":"root", "gidnumber":0, "type":"system"]]
Read	.passwd.system.groups.by_gidnumber $[0:$["root":1]]
Read	.passwd.passwd.pluslines 0
Read	.passwd.shadow.pluslines 0
Read	.passwd.group.pluslines 0
Read	.passwd.local.users.last_uid 500
Read	.passwd.local.users.homes $["/home/hh":1]
Read	.passwd.local.users.usernames $["hh":1]
Read	.passwd.local.users.uids $[500:1]
Read	.passwd.system.users.last_uid 0
Read	.passwd.system.users.homes $[]
Read	.passwd.system.users.usernames $["root":1]
Read	.passwd.system.users.uids $[0:1]
Read	.passwd.local.groups.gids $[100:1, 1000:1, 1001:1]
Read	.passwd.local.groups.groupnames $["gg":1, "gr":1, "users":1]
Read	.passwd.system.groups.gids $[0:1]
Read	.passwd.system.groups.groupnames $["root":1]
Execute	.target.bash "/bin/cp /etc/passwd /etc/passwd.YaST2save" 0
Write	.passwd.users $["local":$["by_uidnumber":$["500":$["hh":"1"]], "homes":$["/home/hh":"1"], "last_uid":"500", "uids":$["500":"1"], "usernames":$["hh":"1"]], "system":$["by_uidnumber":$["0":$["root":"1"]], "homes":$[], "last_uid":"0", "root":$["uid":"root", "uidnumber":"0"], "uids":$["0":"1"], "usernames":$["root":"1"]]] true
Execute	.target.bash "/bin/cp /etc/shadow /etc/shadow.YaST2save" 0
Write	.passwd.shadow $["local":$[], "system":$["root":$[]]] true
Execute	.target.bash "/usr/sbin/nscd -i passwd" 0
Write	.target.ycp "/var/lib/YaST2/users.ycp" $["custom_groups":["local"], "custom_users":["local"], "dont_warn_when_nisserver_notdes":false, "dont_warn_when_uppercase":false] true
Return	
