Dump	==========================================================
Dump	============ get groups (no user) ===================
Return	$[]
Dump	============ get done ============================
Dump	============ get groups (wrong user) ===================
Read	.etc.default.useradd."expire" 0
Read	.etc.default.useradd."group" 100
Read	.etc.default.useradd."groups" "audio,video"
Read	.etc.default.useradd."home" "/tmp/local/home"
Read	.etc.default.useradd."inactive" 0
Read	.etc.default.useradd."shell" 0
Read	.etc.default.useradd."skel" 0
Read	.target.string "/etc/shells" 0
Read	.etc.nsswitch_conf.passwd 0
Read	.etc.nsswitch_conf.passwd 0
Write	.target.ycp "/var/lib/YaST2/users.ycp" $[] true
Execute	.passwd.init $["base_directory":"/etc", "max_system_gid":"499", "max_system_uid":"499"] true
Read	.passwd.local.users $["by_uidnumber":$[500:$["hh":1]], "hh":$["gidnumber":100, "grouplist":$["some_group":1, "users":1], "type":"local", "uid":"hh", "uidnumber":500, "userpassword":"password"], "homes":$["/home/hh":1], "last_uid":500, "uids":$[500:1], "usernames":$["hh":1]]
Read	.passwd.local.users.by_uidnumber $[500:$["hh":1]]
Read	.passwd.local.shadow $[]
Read	.passwd.local.groups $["by_gidnumber":$[100:$["users":1], 200:$["some_group":1]], "gids":$[100:1, 200:1], "groupnames":$["some_group":1, "users":1], "some_group":$["cn":"some_group", "gidnumber":200, "type":"local"], "users":$["cn":"users", "gidnumber":100, "type":"local"]]
Read	.passwd.local.groups.by_gidnumber $[100:$["users":1], 200:$["some_group":1]]
Read	.passwd.system.users $["by_uidnumber":$[0:$["root":1]], "homes":$[], "last_uid":0, "root":$["grouplist":$["root":1, "some_group":1], "uid":"root", "uidnumber":0], "uids":$[0:1], "usernames":$["root":1]]
Read	.passwd.system.users.by_uidnumber $[0:$["root":1]]
Read	.passwd.system.shadow $[]
Read	.passwd.system.groups $["by_gidnumber":$[0:$["root":1]], "gids":$[0:1], "groupnames":$["root":1], "root":$["cn":"root", "gidnumber":0, "type":"system"]]
Read	.passwd.system.groups.by_gidnumber $[0:$["root":1]]
Read	.passwd.passwd.pluslines ["+"]
Read	.passwd.shadow.pluslines 0
Read	.passwd.group.pluslines 0
Read	.passwd.local.users.last_uid 500
Read	.passwd.local.users.homes $["/home/hh":1]
Read	.passwd.local.users.usernames $["hh":1]
Read	.passwd.local.users.uids $[500:1]
Read	.passwd.system.users.last_uid 0
Read	.passwd.system.users.homes $[]
Read	.passwd.system.users.usernames $["root":1]
Read	.passwd.system.users.uids $[0:1]
Read	.passwd.local.groups.gids $[100:1, 200:1]
Read	.passwd.local.groups.groupnames $["some_group":1, "users":1]
Read	.passwd.system.groups.gids $[0:1]
Read	.passwd.system.groups.groupnames $["root":1]
Return	$[]
Dump	============ get done =================================
Dump	============ get groups (ok) ==========================
Read	.etc.default.useradd."expire" 0
Read	.etc.default.useradd."group" 100
Read	.etc.default.useradd."groups" "audio,video"
Read	.etc.default.useradd."home" "/tmp/local/home"
Read	.etc.default.useradd."inactive" 0
Read	.etc.default.useradd."shell" 0
Read	.etc.default.useradd."skel" 0
Read	.target.string "/etc/shells" 0
Read	.etc.nsswitch_conf.passwd 0
Read	.etc.nsswitch_conf.passwd 0
Write	.target.ycp "/var/lib/YaST2/users.ycp" $[] true
Execute	.passwd.init $["base_directory":"/etc", "max_system_gid":"499", "max_system_uid":"499"] true
Read	.passwd.local.users $["by_uidnumber":$[500:$["hh":1]], "hh":$["gidnumber":100, "grouplist":$["some_group":1, "users":1], "type":"local", "uid":"hh", "uidnumber":500, "userpassword":"password"], "homes":$["/home/hh":1], "last_uid":500, "uids":$[500:1], "usernames":$["hh":1]]
Read	.passwd.local.users.by_uidnumber $[500:$["hh":1]]
Read	.passwd.local.shadow $[]
Read	.passwd.local.groups $["by_gidnumber":$[100:$["users":1], 200:$["some_group":1]], "gids":$[100:1, 200:1], "groupnames":$["some_group":1, "users":1], "some_group":$["cn":"some_group", "gidnumber":200, "type":"local"], "users":$["cn":"users", "gidnumber":100, "type":"local"]]
Read	.passwd.local.groups.by_gidnumber $[100:$["users":1], 200:$["some_group":1]]
Read	.passwd.system.users $["by_uidnumber":$[0:$["root":1]], "homes":$[], "last_uid":0, "root":$["grouplist":$["root":1, "some_group":1], "uid":"root", "uidnumber":0], "uids":$[0:1], "usernames":$["root":1]]
Read	.passwd.system.users.by_uidnumber $[0:$["root":1]]
Read	.passwd.system.shadow $[]
Read	.passwd.system.groups $["by_gidnumber":$[0:$["root":1]], "gids":$[0:1], "groupnames":$["root":1], "root":$["cn":"root", "gidnumber":0, "type":"system"]]
Read	.passwd.system.groups.by_gidnumber $[0:$["root":1]]
Read	.passwd.passwd.pluslines ["+"]
Read	.passwd.shadow.pluslines 0
Read	.passwd.group.pluslines 0
Read	.passwd.local.users.last_uid 500
Read	.passwd.local.users.homes $["/home/hh":1]
Read	.passwd.local.users.usernames $["hh":1]
Read	.passwd.local.users.uids $[500:1]
Read	.passwd.system.users.last_uid 0
Read	.passwd.system.users.homes $[]
Read	.passwd.system.users.usernames $["root":1]
Read	.passwd.system.users.uids $[0:1]
Read	.passwd.local.groups.gids $[100:1, 200:1]
Read	.passwd.local.groups.groupnames $["some_group":1, "users":1]
Read	.passwd.system.groups.gids $[0:1]
Read	.passwd.system.groups.groupnames $["root":1]
Return	$["some_group":$["cn":"some_group", "gidnumber":"200", "type":"local"], "users":$["cn":"users", "gidnumber":"100", "type":"local"]]
Dump	============ get done =================================
Dump	============ get groups (by uid number + different types)
Read	.etc.default.useradd."expire" 0
Read	.etc.default.useradd."group" 100
Read	.etc.default.useradd."groups" "audio,video"
Read	.etc.default.useradd."home" "/tmp/local/home"
Read	.etc.default.useradd."inactive" 0
Read	.etc.default.useradd."shell" 0
Read	.etc.default.useradd."skel" 0
Read	.target.string "/etc/shells" 0
Read	.etc.nsswitch_conf.passwd 0
Read	.etc.nsswitch_conf.passwd 0
Write	.target.ycp "/var/lib/YaST2/users.ycp" $[] true
Execute	.passwd.init $["base_directory":"/etc", "max_system_gid":"499", "max_system_uid":"499"] true
Read	.passwd.local.users $["by_uidnumber":$[500:$["hh":1]], "hh":$["gidnumber":100, "grouplist":$["some_group":1, "users":1], "type":"local", "uid":"hh", "uidnumber":500, "userpassword":"password"], "homes":$["/home/hh":1], "last_uid":500, "uids":$[500:1], "usernames":$["hh":1]]
Read	.passwd.local.users.by_uidnumber $[500:$["hh":1]]
Read	.passwd.local.shadow $[]
Read	.passwd.local.groups $["by_gidnumber":$[100:$["users":1], 200:$["some_group":1]], "gids":$[100:1, 200:1], "groupnames":$["some_group":1, "users":1], "some_group":$["cn":"some_group", "gidnumber":200, "type":"local"], "users":$["cn":"users", "gidnumber":100, "type":"local"]]
Read	.passwd.local.groups.by_gidnumber $[100:$["users":1], 200:$["some_group":1]]
Read	.passwd.system.users $["by_uidnumber":$[0:$["root":1]], "homes":$[], "last_uid":0, "root":$["grouplist":$["root":1, "some_group":1], "uid":"root", "uidnumber":0], "uids":$[0:1], "usernames":$["root":1]]
Read	.passwd.system.users.by_uidnumber $[0:$["root":1]]
Read	.passwd.system.shadow $[]
Read	.passwd.system.groups $["by_gidnumber":$[0:$["root":1]], "gids":$[0:1], "groupnames":$["root":1], "root":$["cn":"root", "gidnumber":0, "type":"system"]]
Read	.passwd.system.groups.by_gidnumber $[0:$["root":1]]
Read	.passwd.passwd.pluslines ["+"]
Read	.passwd.shadow.pluslines 0
Read	.passwd.group.pluslines 0
Read	.passwd.local.users.last_uid 500
Read	.passwd.local.users.homes $["/home/hh":1]
Read	.passwd.local.users.usernames $["hh":1]
Read	.passwd.local.users.uids $[500:1]
Read	.passwd.system.users.last_uid 0
Read	.passwd.system.users.homes $[]
Read	.passwd.system.users.usernames $["root":1]
Read	.passwd.system.users.uids $[0:1]
Read	.passwd.local.groups.gids $[100:1, 200:1]
Read	.passwd.local.groups.groupnames $["some_group":1, "users":1]
Read	.passwd.system.groups.gids $[0:1]
Read	.passwd.system.groups.groupnames $["root":1]
Return	$["0":$["cn":"root", "gidnumber":"0", "type":"system"], "200":$["cn":"some_group", "gidnumber":"200", "type":"local"]]
Dump	============ get done =================================
