Dump	==========================================================
Dump	============ add new user 'jj': ==========================
Read	.target.tmpdir "/tmp/YaST"
Read	.etc.default.useradd.expire 0
Read	.etc.default.useradd.group 100
Read	.etc.default.useradd.groups "audio,video"
Read	.etc.default.useradd.home "/tmp/local/home"
Read	.etc.default.useradd.inactive 0
Read	.etc.default.useradd.shell 0
Read	.etc.default.useradd.skel 0
Read	.target.string "/etc/shells" 0
Read	.target.size "0" 0
Read	.etc.nsswitch_conf.passwd 0
Read	.target.size "/usr/lib/yp/yphelper" 0
Read	.etc.nsswitch_conf.passwd 0
Read	.target.size "/var/lib/YaST2/users.ycp" 0
Read	.target.ycp "/var/lib/YaST2/users.ycp" 0
Execute	.passwd.init $["base_directory":"/etc", "max_system_gid":"499", "max_system_uid":"499"] true
Read	.passwd.local.users $[500:$["uid":"hh"], "by_name":$["hh":500], "homes":$["/home/hh":1], "last_uid":500, "uids":$[500:1], "usernames":$["hh":1]]
Read	.passwd.local.users.by_name $["hh":500]
Read	.passwd.local.shadow $[]
Read	.passwd.local.groups $[100:$["cn":"users", "gidnumber":100, "type":"local"], "by_name":$["users":100], "gids":$[100:1], "groupnames":$["users":1]]
Read	.passwd.local.groups.by_name $["users":100]
Read	.passwd.system.users $[0:$["uid":"root", "uidnumber":0], "by_name":$["root":0], "homes":$[], "last_uid":0, "uids":$[0:1], "usernames":$["root":1]]
Read	.passwd.system.users.by_name $["root":0]
Read	.passwd.system.shadow $[]
Read	.passwd.system.groups $[0:$["cn":"root", "gidnumber":0, "type":"system"], "by_name":$["root":0], "gids":$[0:1], "groupnames":$["root":1]]
Read	.passwd.system.groups.by_name $["root":0]
Read	.passwd.passwd.plusline 0
Read	.passwd.shadow.plusline 0
Read	.passwd.group.plusline 0
Read	.passwd.local.users.last_uid 500
Read	.passwd.local.users.homes $["/home/hh":1]
Read	.passwd.local.users.usernames $["hh":1]
Read	.passwd.local.users.uids $[500:1]
Read	.passwd.system.users.last_uid 0
Read	.passwd.system.users.homes $[]
Read	.passwd.system.users.usernames $["root":1]
Read	.passwd.system.users.uids $[0:1]
Read	.passwd.local.groups.gids $[100:1]
Read	.passwd.local.groups.groupnames $["users":1]
Read	.passwd.system.groups.gids $[0:1]
Read	.passwd.system.groups.groupnames $["root":1]
Execute	.target.bash "/bin/cp /etc/group /etc/group.YaST2save" 0
Write	.passwd.groups $["local":$["100":$["cn":"users", "gidnumber":"100", "more_users":$["jj":"1"], "org_cn":"users", "org_gidnumber":"100", "type":"local", "what":"user_change_default"], "by_name":$["users":"100"], "gids":$["100":"1"], "groupnames":$["users":"1"]], "system":$["0":$["cn":"root", "gidnumber":"0", "type":"system"], "by_name":$["root":"0"], "gids":$["0":"1"], "groupnames":$["root":"1"]]] true
Execute	.target.bash "/usr/sbin/nscd -i group" 0
Execute	.target.bash "/bin/cp /etc/passwd /etc/passwd.YaST2save" 0
Write	.passwd.users $["local":$["1000":$["cn":"", "create_home":true, "encrypted":true, "gidnumber":"100", "grouplist":$["audio":"1", "video":"1"], "groupname":"users", "homedirectory":"/tmp/local/home/jj", "loginshell":"", "modified":"added", "org_homedirectory":"/tmp/local/home/jj", "org_uid":"jj", "org_uidnumber":"1000", "plugins":[], "shadowexpire":"", "shadowflag":"", "shadowinactive":"", "shadowlastchange":"0", "shadowmax":"99999", "shadowmin":"0", "shadowwarning":"7", "text_userpassword":"q", "type":"local", "uid":"jj", "uidnumber":"1000", "userpassword":"crypted_q", "what":"add_user"], "500":$["uid":"hh"], "by_name":$["hh":"500"], "homes":$["/home/hh":"1"], "last_uid":"500", "uids":$["500":"1"], "usernames":$["hh":"1"]], "system":$["0":$["uid":"root", "uidnumber":"0"], "by_name":$["root":"0"], "homes":$[], "last_uid":"0", "uids":$["0":"1"], "usernames":$["root":"1"]]] true
Execute	.target.bash "/usr/sbin/nscd -i passwd" 0
Read	.target.stat "/tmp/local/home/jj" $[]
Read	.target.stat "/tmp/local/home" $[]
Execute	.target.mkdir "/tmp/local/home" 0
Execute	.target.mkdir "/tmp/local/home/jj" 0
Read	.target.stat "/tmp/local/home/jj" $[]
Execute	.target.bash " jj" 0
Execute	.target.bash "/bin/cp /etc/shadow /etc/shadow.YaST2save" 0
Write	.passwd.shadow $["local":$["jj":$["shadowexpire":"", "shadowflag":"", "shadowinactive":"", "shadowlastchange":"0", "shadowmax":"99999", "shadowmin":"0", "shadowwarning":"7", "userpassword":"crypted_q"]], "system":$[]] true
Return	
Dump	============ add new user 'jj' - done ====================
Dump	============ add new user 'hh': ==========================
Read	.target.tmpdir "/tmp/YaST"
Read	.etc.default.useradd.expire 0
Read	.etc.default.useradd.group 100
Read	.etc.default.useradd.groups "audio,video"
Read	.etc.default.useradd.home "/tmp/local/home"
Read	.etc.default.useradd.inactive 0
Read	.etc.default.useradd.shell 0
Read	.etc.default.useradd.skel 0
Read	.target.string "/etc/shells" 0
Read	.target.size "0" 0
Read	.etc.nsswitch_conf.passwd 0
Read	.target.size "/usr/lib/yp/yphelper" 0
Read	.etc.nsswitch_conf.passwd 0
Read	.target.size "/var/lib/YaST2/users.ycp" 0
Read	.target.ycp "/var/lib/YaST2/users.ycp" 0
Execute	.passwd.init $["base_directory":"/etc", "max_system_gid":"499", "max_system_uid":"499"] true
Read	.passwd.local.users $[500:$["uid":"hh"], "by_name":$["hh":500], "homes":$["/home/hh":1], "last_uid":500, "uids":$[500:1], "usernames":$["hh":1]]
Read	.passwd.local.users.by_name $["hh":500]
Read	.passwd.local.shadow $[]
Read	.passwd.local.groups $[100:$["cn":"users", "gidnumber":100, "type":"local"], "by_name":$["users":100], "gids":$[100:1], "groupnames":$["users":1]]
Read	.passwd.local.groups.by_name $["users":100]
Read	.passwd.system.users $[0:$["uid":"root", "uidnumber":0], "by_name":$["root":0], "homes":$[], "last_uid":0, "uids":$[0:1], "usernames":$["root":1]]
Read	.passwd.system.users.by_name $["root":0]
Read	.passwd.system.shadow $[]
Read	.passwd.system.groups $[0:$["cn":"root", "gidnumber":0, "type":"system"], "by_name":$["root":0], "gids":$[0:1], "groupnames":$["root":1]]
Read	.passwd.system.groups.by_name $["root":0]
Read	.passwd.passwd.plusline 0
Read	.passwd.shadow.plusline 0
Read	.passwd.group.plusline 0
Read	.passwd.local.users.last_uid 500
Read	.passwd.local.users.homes $["/home/hh":1]
Read	.passwd.local.users.usernames $["hh":1]
Read	.passwd.local.users.uids $[500:1]
Read	.passwd.system.users.last_uid 0
Read	.passwd.system.users.homes $[]
Read	.passwd.system.users.usernames $["root":1]
Read	.passwd.system.users.uids $[0:1]
Read	.passwd.local.groups.gids $[100:1]
Read	.passwd.local.groups.groupnames $["users":1]
Read	.passwd.system.groups.gids $[0:1]
Read	.passwd.system.groups.groupnames $["root":1]
Return	There is a conflict between the entered
Dump	------------ UserAdd return value:
Dump	There is a conflict between the entered
Dump	user name and an existing user name.
Dump	Try another one.
Dump	============ add new user 'hh' - done ====================
Dump	==========================================================
