Dump	==========================================================
Dump	================ (no user) =======================
Return	No user was specified.
Dump	================ done ============================
Dump	================ (bad user) ======================
Read	.target.tmpdir "/tmp/YaST"
Read	.etc.default.useradd."expire" 0
Read	.etc.default.useradd."group" 100
Read	.etc.default.useradd."groups" "audio,video"
Read	.etc.default.useradd."home" "/tmp/local/home"
Read	.etc.default.useradd."inactive" 0
Read	.etc.default.useradd."shell" 0
Read	.etc.default.useradd."skel" 0
Read	.target.string "/etc/shells" 0
Read	.target.size "0" 0
Read	.etc.nsswitch_conf.passwd 0
Read	.target.size "/usr/lib/yp/yphelper" 0
Read	.etc.nsswitch_conf.passwd 0
Read	.target.size "/var/lib/YaST2/users.ycp" 0
Read	.target.ycp "/var/lib/YaST2/users.ycp" 0
Execute	.passwd.init $["base_directory":"/etc", "max_system_gid":"499", "max_system_uid":"499"] true
Read	.passwd.local.users $[500:$["gidnumber":100, "grouplist":$["some_group":1, "users":1], "type":"local", "uid":"hh", "uidnumber":500, "userpassword":"password"], "by_name":$["hh":500], "homes":$["/home/hh":1], "last_uid":500, "uids":$[500:1], "usernames":$["hh":1]]
Read	.passwd.local.users.by_name $["hh":500]
Read	.passwd.local.shadow $[]
Read	.passwd.local.groups $[100:$["cn":"users", "gidnumber":100, "type":"local"], 200:$["cn":"some_group", "gidnumber":200, "type":"local", "userlist":$["hh":1]], "by_name":$["some_group":200, "users":100], "gids":$[100:1, 200:1], "groupnames":$["some_group":1, "users":1]]
Read	.passwd.local.groups.by_name $["some_group":200, "users":100]
Read	.passwd.system.users $[0:$["grouplist":$["root":1, "some_group":1], "uid":"root", "uidnumber":0], "by_name":$["root":0], "homes":$[], "last_uid":0, "uids":$[0:1], "usernames":$["root":1]]
Read	.passwd.system.users.by_name $["root":0]
Read	.passwd.system.shadow $[]
Read	.passwd.system.groups $[0:$["cn":"root", "gidnumber":0, "type":"system"], "by_name":$["root":0], "gids":$[0:1], "groupnames":$["root":1]]
Read	.passwd.system.groups.by_name $["root":0]
Read	.passwd.passwd.pluslines ["+"]
Read	.passwd.shadow.pluslines 0
Read	.passwd.group.pluslines 0
Read	.passwd.local.users.last_uid 500
Read	.passwd.local.users.homes $["/home/hh":1]
Read	.passwd.local.users.usernames $["hh":1]
Read	.passwd.local.users.uids $[500:1]
Read	.passwd.system.users.last_uid 0
Read	.passwd.system.users.homes $[]
Read	.passwd.system.users.usernames $["root":1]
Read	.passwd.system.users.uids $[0:1]
Read	.passwd.local.groups.gids $[100:1, 200:1]
Read	.passwd.local.groups.groupnames $["some_group":1, "users":1]
Read	.passwd.system.groups.gids $[0:1]
Read	.passwd.system.groups.groupnames $["root":1]
Return	User was not correctly specified.
Dump	================ done ============================
Dump	================ (ok) ============================
Read	.target.tmpdir "/tmp/YaST"
Read	.etc.default.useradd."expire" 0
Read	.etc.default.useradd."group" 100
Read	.etc.default.useradd."groups" "audio,video"
Read	.etc.default.useradd."home" "/tmp/local/home"
Read	.etc.default.useradd."inactive" 0
Read	.etc.default.useradd."shell" 0
Read	.etc.default.useradd."skel" 0
Read	.target.string "/etc/shells" 0
Read	.target.size "0" 0
Read	.etc.nsswitch_conf.passwd 0
Read	.target.size "/usr/lib/yp/yphelper" 0
Read	.etc.nsswitch_conf.passwd 0
Read	.target.size "/var/lib/YaST2/users.ycp" 0
Read	.target.ycp "/var/lib/YaST2/users.ycp" 0
Execute	.passwd.init $["base_directory":"/etc", "max_system_gid":"499", "max_system_uid":"499"] true
Read	.passwd.local.users $[500:$["gidnumber":100, "grouplist":$["some_group":1, "users":1], "type":"local", "uid":"hh", "uidnumber":500, "userpassword":"password"], "by_name":$["hh":500], "homes":$["/home/hh":1], "last_uid":500, "uids":$[500:1], "usernames":$["hh":1]]
Read	.passwd.local.users.by_name $["hh":500]
Read	.passwd.local.shadow $[]
Read	.passwd.local.groups $[100:$["cn":"users", "gidnumber":100, "type":"local"], 200:$["cn":"some_group", "gidnumber":200, "type":"local", "userlist":$["hh":1]], "by_name":$["some_group":200, "users":100], "gids":$[100:1, 200:1], "groupnames":$["some_group":1, "users":1]]
Read	.passwd.local.groups.by_name $["some_group":200, "users":100]
Read	.passwd.system.users $[0:$["grouplist":$["root":1, "some_group":1], "uid":"root", "uidnumber":0], "by_name":$["root":0], "homes":$[], "last_uid":0, "uids":$[0:1], "usernames":$["root":1]]
Read	.passwd.system.users.by_name $["root":0]
Read	.passwd.system.shadow $[]
Read	.passwd.system.groups $[0:$["cn":"root", "gidnumber":0, "type":"system"], "by_name":$["root":0], "gids":$[0:1], "groupnames":$["root":1]]
Read	.passwd.system.groups.by_name $["root":0]
Read	.passwd.passwd.pluslines ["+"]
Read	.passwd.shadow.pluslines 0
Read	.passwd.group.pluslines 0
Read	.passwd.local.users.last_uid 500
Read	.passwd.local.users.homes $["/home/hh":1]
Read	.passwd.local.users.usernames $["hh":1]
Read	.passwd.local.users.uids $[500:1]
Read	.passwd.system.users.last_uid 0
Read	.passwd.system.users.homes $[]
Read	.passwd.system.users.usernames $["root":1]
Read	.passwd.system.users.uids $[0:1]
Read	.passwd.local.groups.gids $[100:1, 200:1]
Read	.passwd.local.groups.groupnames $["some_group":1, "users":1]
Read	.passwd.system.groups.gids $[0:1]
Read	.passwd.system.groups.groupnames $["root":1]
Execute	.target.bash_output "echo 'some_group' | grep '^[A-Za-z_][A-Za-z0-9_.-]*[A-Za-z0-9_.$-]\\?$'" $["stdout":"some_group"]
Execute	.target.bash "/bin/cp /etc/group /etc/group.YaST2save" 0
Write	.passwd.groups $["local":$["100":$["cn":"users", "gidnumber":"100", "type":"local"], "200":$["cn":"some_group", "gidnumber":"200", "modified":"edited", "org_cn":"some_group", "org_gidnumber":"200", "org_group":$["cn":"some_group", "gidnumber":"200", "type":"local", "userlist":$[]], "plugins":[], "removed_userlist":$[], "type":"local", "userlist":$[], "what":"edit_group"], "by_name":$["some_group":"200", "users":"100"], "gids":$["100":"1", "200":"1"], "groupnames":$["some_group":"1", "users":"1"]], "system":$["0":$["cn":"root", "gidnumber":"0", "type":"system"], "by_name":$["root":"0"], "gids":$["0":"1"], "groupnames":$["root":"1"]]] true
Execute	.target.bash "/usr/sbin/nscd -i group" 0
Return	
Dump	================ done ============================
